#URL/LINK

https://play.picoctf.org/practice/challenge/285

Challenge Description:

Download this disk image and find the flag.
Note: if you are using the webshell, download and extract the disk image into /tmp not your home directory.
Download compressed disk image
Concept

Method of Solving

Jasonitsolutionsd-picoctf@webshell:/tmp$ fls -o 411648 -f ext4 -r disk.flag.img 472
r/r 1875:       .ash_history
r/r * 1876(realloc):    flag.txt
r/r 1782:       flag.txt.enc
Jasonitsolutionsd-picoctf@webshell:/tmp$ icat -o 411648 -f ext4 -r disk.flag.img 1875
touch flag.txt
nano flag.txt 
apk get nano
apk --help
apk add nano
nano flag.txt 
openssl
openssl aes256 -salt -in flag.txt -out flag.txt.enc -k unbreakablepassword1234567
shred -u flag.txt
ls -al
halt
Jasonitsolutionsd-picoctf@webshell:/tmp$ icat -o 411648 -f ext4 -r disk.flag.img 1782 
Salted__0!-6V0Ul&:pj_10|h
                         Ȥ7 ؎$'%Jasonitsolutionsd-picoctf@webshell:/tmp$ icat -o 411648 -f ext4 -r disk.flag.img 1782 > flag.txt.enc
Jasonitsolutionsd-picoctf@webshell:/tmp$ ls
disk.flag.img  flag.txt.enc  hsperfdata_root  node-compile-cache
Jasonitsolutionsd-picoctf@webshell:/tmp$ cat flag.txt.enc 
Salted__0!-6V0Ul&:pj_10|h
                         Ȥ7 ؎$'%Jasonitsolutionsd-picoctf@webshell:/tmp$ openssl aes256 -d -salt -in flag.txt.enc -out flag.txt -k unbreakablepassword1234567
*** WARNING : deprecated key derivation used.
Using -iter or -pbkdf2 would be better.
bad decrypt
80AB842B457F0000:error:1C800064:Provider routines:ossl_cipher_unpadblock:bad decrypt:../providers/implementations/ciphers/ciphercommon_block.c:124:
Jasonitsolutionsd-picoctf@webshell:/tmp$ ls
disk.flag.img  flag.txt  flag.txt.enc  hsperfdata_root  node-compile-cache
Jasonitsolutionsd-picoctf@webshell:/tmp$ cat flag.txt
picoCTF{h4un71ng_p457_0a710765}Jasonitsolutionsd-picoctf@webshell:/tmp$ 
Webshell session has ended.

Flag:
picoCTF{h4un71ng_p457_0a710765}Jasonitsolutionsd-
